<html>
<body>
<pre>
<h1>µVision Build Log</h1>
<h2>Tool Versions:</h2>
IDE-Version: ¦ÌVision V5.37.0.0
Copyright (C) 2022 ARM Ltd and ARM Germany GmbH. All rights reserved.
License Information: ·¢ ËÆ¶®·Ç¶®, dfeffddf, LIC=YA39H-WA7ZP-WFCI7-ER14K-3KTDC-XBBJH
 
Tool Versions:
Toolchain:       MDK-ARM Plus  Version: 5.37.0.0
Toolchain Path:  E:\App\IDE\KeilARM\v5\core\ARM\ARMCLANG\Bin
C Compiler:      ArmClang.exe V6.18
Assembler:       Armasm.exe V6.18
Linker/Locator:  ArmLink.exe V6.18
Library Manager: ArmAr.exe V6.18
Hex Converter:   FromElf.exe V6.18
CPU DLL:         SARMCM3.DLL V5.37.0.0
Dialog DLL:      DCM.DLL V1.17.5.0
Target DLL:      CMSIS_AGDI.dll V1.33.12.0
Dialog DLL:      TCM.DLL V1.56.1.0
 
<h2>Project:</h2>
E:\BaiduSyncdisk\Project\Development\Hardware\MiniSDVX\3.Software\Mini_SDVX_BSP\MDK-ARM\Mini_SDVX.uvprojx
Project File Date:  11/21/2022

<h2>Output:</h2>
*** Using Compiler 'V6.18', folder: 'E:\App\IDE\KeilARM\v5\core\ARM\ARMCLANG\Bin'
Rebuild target 'Mini_SDVX'
assembling startup_stm32f401xc.s...
compiling main.c...
compiling usb_otg.c...
compiling gpio.c...
compiling dma.c...
compiling spi.c...
compiling stm32f4xx_hal_msp.c...
compiling i2c.c...
compiling adc.c...
compiling tim.c...
compiling stm32f4xx_it.c...
compiling stm32f4xx_ll_adc.c...
compiling stm32f4xx_hal_adc.c...
compiling stm32f4xx_hal_rcc_ex.c...
compiling stm32f4xx_hal_dma_ex.c...
compiling stm32f4xx_hal_adc_ex.c...
compiling stm32f4xx_hal_flash_ramfunc.c...
compiling stm32f4xx_hal_flash.c...
compiling stm32f4xx_hal_flash_ex.c...
compiling stm32f4xx_hal_rcc.c...
compiling stm32f4xx_hal_dma.c...
compiling stm32f4xx_hal_pwr.c...
compiling stm32f4xx_hal_gpio.c...
compiling stm32f4xx_hal_pwr_ex.c...
compiling stm32f4xx_hal_cortex.c...
compiling stm32f4xx_hal_exti.c...
compiling stm32f4xx_hal_i2c_ex.c...
compiling stm32f4xx_hal.c...
compiling stm32f4xx_hal_pcd_ex.c...
compiling stm32f4xx_hal_tim_ex.c...
compiling bsp_encoder.c...
compiling stm32f4xx_hal_pcd.c...
compiling system_stm32f4xx.c...
compiling bsp_key.c...
compiling bsp_24c02.c...
compiling stm32f4xx_hal_spi.c...
compiling stm32f4xx_ll_usb.c...
compiling usbd_hid_keyboard.c...
compiling stm32f4xx_hal_i2c.c...
compiling usbd_composite.c...
compiling bsp_rgb.c...
compiling stm32f4xx_hal_tim.c...
compiling usbd_ioreq.c...
compiling usbd_core.c...
compiling usb_device.c...
compiling usbd_ctlreq.c...
compiling usbd_desc.c...
compiling usbd_conf.c...
compiling usbd_cdc_acm_if.c...
compiling usbd_hid_mouse.c...
compiling usbd_cdc_acm.c...
linking...
Program Size: Code=30594 RO-data=470 RW-data=1012 ZI-data=9492  
FromELF: creating hex file...
"Mini_SDVX\Mini_SDVX.axf" - 0 Error(s), 0 Warning(s).

<h2>Software Packages used:</h2>

Package Vendor: ARM
                http://www.keil.com/pack/ARM.CMSIS.5.9.0.pack
                ARM.CMSIS.5.9.0
                CMSIS (Common Microcontroller Software Interface Standard)
   * Component: CORE Version: 5.6.0

Package Vendor: Keil
                http://www.keil.com/pack/Keil.STM32F4xx_DFP.2.16.0.pack
                Keil.STM32F4xx_DFP.2.16.0
                STMicroelectronics STM32F4 Series Device Support, Drivers and Examples

<h2>Collection of Component include folders:</h2>
  ./RTE/_Mini_SDVX
  E:/BaiduSyncdisk/Documents/Custom/keilv5/ARM/CMSIS/5.9.0/CMSIS/Core/Include
  E:/BaiduSyncdisk/Documents/Custom/keilv5/Keil/STM32F4xx_DFP/2.16.0/Drivers/CMSIS/Device/ST/STM32F4xx/Include

<h2>Collection of Component Files used:</h2>

   * Component: ARM::CMSIS:CORE:5.6.0
      Include file:  CMSIS/Core/Include/tz_context.h
Build Time Elapsed:  00:00:04
</pre>
</body>
</html>
